0.00 + 0.00i
8.00 + 0.00i
0.00 + 0.00i
0.00 + 0.00i
0.00 + 0.00i
-0.00 + 0.00i
0.00 + 0.00i
0.00 + 0.00i
